2025-08-04 09:02:37.628 [background-preinit] INFO  o.h.validator.internal.util.Version – HV000001: Hibernate Validator 8.0.1.Final
2025-08-04 09:02:40.879 [main] INFO  o.s.c.b.c.PropertySourceBootstrapConfiguration – Located property source: [BootstrapPropertySource {name='bootstrapProperties-secret/GestVuelos-ms'}, BootstrapPropertySource {name='bootstrapProperties-secret/application'}]
2025-08-04 09:02:40.885 [main] INFO  o.s.c.c.c.ConfigServicePropertySourceLocator – Fetching config from server at : http://localhost:8888
2025-08-04 09:02:42.231 [main] INFO  o.s.c.c.c.ConfigServicePropertySourceLocator – Located environment: name=GestVuelos-ms, profiles=[dev], label=null, version=e77f04e729daba17ea2b47ba6a544010e3439d7c, state=null
2025-08-04 09:02:42.235 [main] INFO  o.s.c.b.c.PropertySourceBootstrapConfiguration – Located property source: [BootstrapPropertySource {name='bootstrapProperties-configClient'}, BootstrapPropertySource {name='bootstrapProperties-https://github.com/jaoprogramador/workspaceMSBookingJAO.git/Service-configuration/GestVuelos-ms-dev.properties'}]
2025-08-04 09:02:42.249 [main] INFO  c.j.booking.GestVuelosMsApplication – No active profile set, falling back to 1 default profile: "default"
2025-08-04 09:02:42.291 [main] INFO  o.s.v.c.e.LeaseAwareVaultPropertySource – Vault location [secret/application] not resolvable: Not found
2025-08-04 09:02:45.163 [main] INFO  o.s.d.r.c.RepositoryConfigurationDelegate – Bootstrapping Spring Data MongoDB repositories in DEFAULT mode.
2025-08-04 09:02:45.469 [main] INFO  o.s.d.r.c.RepositoryConfigurationDelegate – Finished Spring Data repository scanning in 288 ms. Found 1 MongoDB repository interface.
2025-08-04 09:02:46.104 [main] INFO  o.s.i.c.DefaultConfiguringBeanFactoryPostProcessor – No bean named 'errorChannel' has been explicitly defined. Therefore, a default PublishSubscribeChannel will be created.
2025-08-04 09:02:46.135 [main] INFO  o.s.i.c.DefaultConfiguringBeanFactoryPostProcessor – No bean named 'integrationHeaderChannelRegistry' has been explicitly defined. Therefore, a default DefaultHeaderChannelRegistry will be created.
2025-08-04 09:02:46.577 [main] INFO  o.s.cloud.context.scope.GenericScope – BeanFactory id=151591ec-4b92-3a23-aea7-c98296760de4
2025-08-04 09:02:46.783 [main] WARN  o.s.c.s.PostProcessorRegistrationDelegate$BeanPostProcessorChecker – Bean 'org.springframework.boot.autoconfigure.integration.IntegrationAutoConfiguration$IntegrationJmxConfiguration' of type [org.springframework.boot.autoconfigure.integration.IntegrationAutoConfiguration$IntegrationJmxConfiguration] is not eligible for getting processed by all BeanPostProcessors (for example: not eligible for auto-proxying). The currently created BeanPostProcessor [integrationMbeanExporter] is declared through a non-static factory method on that class; consider declaring it as static instead.
2025-08-04 09:02:46.801 [main] WARN  o.s.c.s.PostProcessorRegistrationDelegate$BeanPostProcessorChecker – Bean 'org.springframework.cloud.stream.config.BindersHealthIndicatorAutoConfiguration' of type [org.springframework.cloud.stream.config.BindersHealthIndicatorAutoConfiguration] is not eligible for getting processed by all BeanPostProcessors (for example: not eligible for auto-proxying). Is this bean getting eagerly injected/applied to a currently created BeanPostProcessor [integrationMbeanExporter]? Check the corresponding BeanPostProcessor declaration and its dependencies/advisors. If this bean does not have to be post-processed, declare it with ROLE_INFRASTRUCTURE.
2025-08-04 09:02:46.809 [main] WARN  o.s.c.s.PostProcessorRegistrationDelegate$BeanPostProcessorChecker – Bean 'bindersHealthContributor' of type [org.springframework.cloud.stream.config.BindersHealthIndicatorAutoConfiguration$BindersHealthContributor] is not eligible for getting processed by all BeanPostProcessors (for example: not eligible for auto-proxying). Is this bean getting eagerly injected/applied to a currently created BeanPostProcessor [integrationMbeanExporter]? Check the corresponding BeanPostProcessor declaration and its dependencies/advisors. If this bean does not have to be post-processed, declare it with ROLE_INFRASTRUCTURE.
2025-08-04 09:02:46.812 [main] WARN  o.s.c.s.PostProcessorRegistrationDelegate$BeanPostProcessorChecker – Bean 'bindersHealthIndicatorListener' of type [org.springframework.cloud.stream.config.BindersHealthIndicatorAutoConfiguration$BindersHealthIndicatorListener] is not eligible for getting processed by all BeanPostProcessors (for example: not eligible for auto-proxying). Is this bean getting eagerly injected/applied to a currently created BeanPostProcessor [integrationMbeanExporter]? Check the corresponding BeanPostProcessor declaration and its dependencies/advisors. If this bean does not have to be post-processed, declare it with ROLE_INFRASTRUCTURE.
2025-08-04 09:02:46.819 [main] WARN  o.s.c.s.PostProcessorRegistrationDelegate$BeanPostProcessorChecker – Bean 'org.springframework.cloud.stream.binder.rabbit.config.ExtendedBindingHandlerMappingsProviderConfiguration' of type [org.springframework.cloud.stream.binder.rabbit.config.ExtendedBindingHandlerMappingsProviderConfiguration] is not eligible for getting processed by all BeanPostProcessors (for example: not eligible for auto-proxying). Is this bean getting eagerly injected/applied to a currently created BeanPostProcessor [integrationMbeanExporter]? Check the corresponding BeanPostProcessor declaration and its dependencies/advisors. If this bean does not have to be post-processed, declare it with ROLE_INFRASTRUCTURE.
2025-08-04 09:02:46.823 [main] WARN  o.s.c.s.PostProcessorRegistrationDelegate$BeanPostProcessorChecker – Bean 'rabbitExtendedPropertiesDefaultMappingsProvider' of type [org.springframework.cloud.stream.binder.rabbit.config.ExtendedBindingHandlerMappingsProviderConfiguration$$Lambda$952/0x000002be94694838] is not eligible for getting processed by all BeanPostProcessors (for example: not eligible for auto-proxying). Is this bean getting eagerly injected/applied to a currently created BeanPostProcessor [integrationMbeanExporter]? Check the corresponding BeanPostProcessor declaration and its dependencies/advisors. If this bean does not have to be post-processed, declare it with ROLE_INFRASTRUCTURE.
2025-08-04 09:02:46.828 [main] WARN  o.s.c.s.PostProcessorRegistrationDelegate$BeanPostProcessorChecker – Bean 'BindingHandlerAdvise' of type [org.springframework.cloud.stream.config.BindingHandlerAdvise] is not eligible for getting processed by all BeanPostProcessors (for example: not eligible for auto-proxying). Is this bean getting eagerly injected/applied to a currently created BeanPostProcessor [integrationMbeanExporter]? Check the corresponding BeanPostProcessor declaration and its dependencies/advisors. If this bean does not have to be post-processed, declare it with ROLE_INFRASTRUCTURE.
2025-08-04 09:02:46.830 [main] WARN  o.s.c.s.PostProcessorRegistrationDelegate$BeanPostProcessorChecker – Bean 'org.springframework.cloud.commons.config.CommonsConfigAutoConfiguration' of type [org.springframework.cloud.commons.config.CommonsConfigAutoConfiguration] is not eligible for getting processed by all BeanPostProcessors (for example: not eligible for auto-proxying). Is this bean getting eagerly injected/applied to a currently created BeanPostProcessor [integrationMbeanExporter]? Check the corresponding BeanPostProcessor declaration and its dependencies/advisors. If this bean does not have to be post-processed, declare it with ROLE_INFRASTRUCTURE.
2025-08-04 09:02:46.836 [main] WARN  o.s.c.s.PostProcessorRegistrationDelegate$BeanPostProcessorChecker – Bean 'org.springframework.cloud.client.loadbalancer.LoadBalancerDefaultMappingsProviderAutoConfiguration' of type [org.springframework.cloud.client.loadbalancer.LoadBalancerDefaultMappingsProviderAutoConfiguration] is not eligible for getting processed by all BeanPostProcessors (for example: not eligible for auto-proxying). Is this bean getting eagerly injected/applied to a currently created BeanPostProcessor [integrationMbeanExporter]? Check the corresponding BeanPostProcessor declaration and its dependencies/advisors. If this bean does not have to be post-processed, declare it with ROLE_INFRASTRUCTURE.
2025-08-04 09:02:46.841 [main] WARN  o.s.c.s.PostProcessorRegistrationDelegate$BeanPostProcessorChecker – Bean 'loadBalancerClientsDefaultsMappingsProvider' of type [org.springframework.cloud.client.loadbalancer.LoadBalancerDefaultMappingsProviderAutoConfiguration$$Lambda$953/0x000002be94694a50] is not eligible for getting processed by all BeanPostProcessors (for example: not eligible for auto-proxying). Is this bean getting eagerly injected/applied to a currently created BeanPostProcessor [integrationMbeanExporter]? Check the corresponding BeanPostProcessor declaration and its dependencies/advisors. If this bean does not have to be post-processed, declare it with ROLE_INFRASTRUCTURE.
2025-08-04 09:02:46.845 [main] WARN  o.s.c.s.PostProcessorRegistrationDelegate$BeanPostProcessorChecker – Bean 'defaultsBindHandlerAdvisor' of type [org.springframework.cloud.commons.config.DefaultsBindHandlerAdvisor] is not eligible for getting processed by all BeanPostProcessors (for example: not eligible for auto-proxying). Is this bean getting eagerly injected/applied to a currently created BeanPostProcessor [integrationMbeanExporter]? Check the corresponding BeanPostProcessor declaration and its dependencies/advisors. If this bean does not have to be post-processed, declare it with ROLE_INFRASTRUCTURE.
2025-08-04 09:02:46.879 [main] WARN  o.s.c.s.PostProcessorRegistrationDelegate$BeanPostProcessorChecker – Bean 'spelConverter' of type [org.springframework.cloud.stream.config.SpelExpressionConverterConfiguration$SpelConverter] is not eligible for getting processed by all BeanPostProcessors (for example: not eligible for auto-proxying). Is this bean getting eagerly injected/applied to a currently created BeanPostProcessor [integrationMbeanExporter]? Check the corresponding BeanPostProcessor declaration and its dependencies/advisors. If this bean does not have to be post-processed, declare it with ROLE_INFRASTRUCTURE.
2025-08-04 09:02:46.893 [main] WARN  o.s.c.s.PostProcessorRegistrationDelegate$BeanPostProcessorChecker – Bean 'spring.jmx-org.springframework.boot.autoconfigure.jmx.JmxProperties' of type [org.springframework.boot.autoconfigure.jmx.JmxProperties] is not eligible for getting processed by all BeanPostProcessors (for example: not eligible for auto-proxying). Is this bean getting eagerly injected/applied to a currently created BeanPostProcessor [integrationMbeanExporter]? Check the corresponding BeanPostProcessor declaration and its dependencies/advisors. If this bean does not have to be post-processed, declare it with ROLE_INFRASTRUCTURE.
2025-08-04 09:02:46.920 [main] WARN  o.s.c.s.PostProcessorRegistrationDelegate$BeanPostProcessorChecker – Bean 'org.springframework.boot.autoconfigure.jmx.JmxAutoConfiguration' of type [org.springframework.boot.autoconfigure.jmx.JmxAutoConfiguration] is not eligible for getting processed by all BeanPostProcessors (for example: not eligible for auto-proxying). Is this bean getting eagerly injected/applied to a currently created BeanPostProcessor [integrationMbeanExporter]? Check the corresponding BeanPostProcessor declaration and its dependencies/advisors. If this bean does not have to be post-processed, declare it with ROLE_INFRASTRUCTURE.
2025-08-04 09:02:46.948 [main] WARN  o.s.c.s.PostProcessorRegistrationDelegate$BeanPostProcessorChecker – Bean 'mbeanServer' of type [com.sun.jmx.mbeanserver.JmxMBeanServer] is not eligible for getting processed by all BeanPostProcessors (for example: not eligible for auto-proxying). Is this bean getting eagerly injected/applied to a currently created BeanPostProcessor [integrationMbeanExporter]? Check the corresponding BeanPostProcessor declaration and its dependencies/advisors. If this bean does not have to be post-processed, declare it with ROLE_INFRASTRUCTURE.
2025-08-04 09:02:47.025 [main] WARN  o.s.c.s.PostProcessorRegistrationDelegate$BeanPostProcessorChecker – Bean 'org.springframework.cloud.client.loadbalancer.LoadBalancerAutoConfiguration$DeferringLoadBalancerInterceptorConfig' of type [org.springframework.cloud.client.loadbalancer.LoadBalancerAutoConfiguration$DeferringLoadBalancerInterceptorConfig] is not eligible for getting processed by all BeanPostProcessors (for example: not eligible for auto-proxying). The currently created BeanPostProcessor [lbRestClientPostProcessor] is declared through a non-static factory method on that class; consider declaring it as static instead.
2025-08-04 09:02:47.032 [main] WARN  o.s.c.s.PostProcessorRegistrationDelegate$BeanPostProcessorChecker – Bean 'deferringLoadBalancerInterceptor' of type [org.springframework.cloud.client.loadbalancer.DeferringLoadBalancerInterceptor] is not eligible for getting processed by all BeanPostProcessors (for example: not eligible for auto-proxying). Is this bean getting eagerly injected/applied to a currently created BeanPostProcessor [lbRestClientPostProcessor]? Check the corresponding BeanPostProcessor declaration and its dependencies/advisors. If this bean does not have to be post-processed, declare it with ROLE_INFRASTRUCTURE.
2025-08-04 09:02:47.038 [main] WARN  o.s.c.s.PostProcessorRegistrationDelegate$BeanPostProcessorChecker – Bean 'org.springframework.cloud.client.loadbalancer.reactive.LoadBalancerBeanPostProcessorAutoConfiguration' of type [org.springframework.cloud.client.loadbalancer.reactive.LoadBalancerBeanPostProcessorAutoConfiguration] is not eligible for getting processed by all BeanPostProcessors (for example: not eligible for auto-proxying). The currently created BeanPostProcessor [loadBalancerWebClientBuilderBeanPostProcessor] is declared through a non-static factory method on that class; consider declaring it as static instead.
2025-08-04 09:02:47.043 [main] WARN  o.s.c.s.PostProcessorRegistrationDelegate$BeanPostProcessorChecker – Bean 'org.springframework.cloud.client.loadbalancer.reactive.LoadBalancerBeanPostProcessorAutoConfiguration$ReactorDeferringLoadBalancerFilterConfig' of type [org.springframework.cloud.client.loadbalancer.reactive.LoadBalancerBeanPostProcessorAutoConfiguration$ReactorDeferringLoadBalancerFilterConfig] is not eligible for getting processed by all BeanPostProcessors (for example: not eligible for auto-proxying). Is this bean getting eagerly injected/applied to a currently created BeanPostProcessor [loadBalancerWebClientBuilderBeanPostProcessor]? Check the corresponding BeanPostProcessor declaration and its dependencies/advisors. If this bean does not have to be post-processed, declare it with ROLE_INFRASTRUCTURE.
2025-08-04 09:02:47.046 [main] WARN  o.s.c.s.PostProcessorRegistrationDelegate$BeanPostProcessorChecker – Bean 'reactorDeferringLoadBalancerExchangeFilterFunction' of type [org.springframework.cloud.client.loadbalancer.reactive.DeferringLoadBalancerExchangeFilterFunction] is not eligible for getting processed by all BeanPostProcessors (for example: not eligible for auto-proxying). Is this bean getting eagerly injected/applied to a currently created BeanPostProcessor [loadBalancerWebClientBuilderBeanPostProcessor]? Check the corresponding BeanPostProcessor declaration and its dependencies/advisors. If this bean does not have to be post-processed, declare it with ROLE_INFRASTRUCTURE.
2025-08-04 09:02:47.705 [main] INFO  o.s.b.w.e.tomcat.TomcatWebServer – Tomcat initialized with port 0 (http)
2025-08-04 09:02:47.746 [main] INFO  o.a.coyote.http11.Http11NioProtocol – Initializing ProtocolHandler ["http-nio-auto-1"]
2025-08-04 09:02:47.751 [main] INFO  o.a.catalina.core.StandardService – Starting service [Tomcat]
2025-08-04 09:02:47.753 [main] INFO  o.a.catalina.core.StandardEngine – Starting Servlet engine: [Apache Tomcat/10.1.33]
2025-08-04 09:02:47.981 [main] INFO  o.a.c.c.C.[Tomcat].[localhost].[/] – Initializing Spring embedded WebApplicationContext
2025-08-04 09:02:48.072 [main] INFO  o.s.b.w.s.c.ServletWebServerApplicationContext – Root WebApplicationContext: initialization completed in 5777 ms
2025-08-04 09:02:49.435 [main] INFO  org.mongodb.driver.client – MongoClient with metadata {"driver": {"name": "mongo-java-driver|sync|spring-boot", "version": "4.11.5"}, "os": {"type": "Windows", "name": "Windows 11", "architecture": "amd64", "version": "10.0"}, "platform": "Java/Oracle Corporation/17.0.12+8-LTS-286"} created with settings MongoClientSettings{readPreference=primary, writeConcern=WriteConcern{w=null, wTimeout=null ms, journal=null}, retryWrites=true, retryReads=true, readConcern=ReadConcern{level=null}, credential=MongoCredential{mechanism=null, userName='admin', source='admin', password=<hidden>, mechanismProperties=<hidden>}, transportSettings=null, streamFactoryFactory=null, commandListeners=[io.micrometer.core.instrument.binder.mongodb.MongoMetricsCommandListener@5cea47a1], codecRegistry=ProvidersCodecRegistry{codecProviders=[ValueCodecProvider{}, BsonValueCodecProvider{}, DBRefCodecProvider{}, DBObjectCodecProvider{}, DocumentCodecProvider{}, CollectionCodecProvider{}, IterableCodecProvider{}, MapCodecProvider{}, GeoJsonCodecProvider{}, GridFSFileCodecProvider{}, Jsr310CodecProvider{}, JsonObjectCodecProvider{}, BsonCodecProvider{}, EnumCodecProvider{}, com.mongodb.client.model.mql.ExpressionCodecProvider@2d527346, com.mongodb.Jep395RecordCodecProvider@451cef67, com.mongodb.KotlinCodecProvider@11fb1691]}, loggerSettings=LoggerSettings{maxDocumentLength=1000}, clusterSettings={hosts=[localhost:27017], srvServiceName=mongodb, mode=SINGLE, requiredClusterType=UNKNOWN, requiredReplicaSetName='null', serverSelector='null', clusterListeners='[]', serverSelectionTimeout='30000 ms', localThreshold='15 ms'}, socketSettings=SocketSettings{connectTimeoutMS=10000, readTimeoutMS=0, receiveBufferSize=0, proxySettings=ProxySettings{host=null, port=null, username=null, password=null}}, heartbeatSocketSettings=SocketSettings{connectTimeoutMS=10000, readTimeoutMS=10000, receiveBufferSize=0, proxySettings=ProxySettings{host=null, port=null, username=null, password=null}}, connectionPoolSettings=ConnectionPoolSettings{maxSize=100, minSize=0, maxWaitTimeMS=120000, maxConnectionLifeTimeMS=0, maxConnectionIdleTimeMS=0, maintenanceInitialDelayMS=0, maintenanceFrequencyMS=60000, connectionPoolListeners=[io.micrometer.core.instrument.binder.mongodb.MongoMetricsConnectionPoolListener@1f229c40], maxConnecting=2}, serverSettings=ServerSettings{heartbeatFrequencyMS=10000, minHeartbeatFrequencyMS=500, serverListeners='[]', serverMonitorListeners='[]'}, sslSettings=SslSettings{enabled=false, invalidHostNameAllowed=false, context=null}, applicationName='null', compressorList=[], uuidRepresentation=JAVA_LEGACY, serverApi=null, autoEncryptionSettings=null, dnsClient=null, inetAddressResolver=null, contextProvider=null}
2025-08-04 09:02:50.098 [cluster-ClusterId{value='68905b19f0c5ac0dd501b882', description='null'}-localhost:27017] INFO  org.mongodb.driver.cluster – Monitor thread successfully connected to server with description ServerDescription{address=localhost:27017, type=STANDALONE, state=CONNECTED, ok=true, minWireVersion=0, maxWireVersion=25, maxDocumentSize=16777216, logicalSessionTimeoutMinutes=30, roundTripTimeNanos=665864300}
2025-08-04 09:02:53.552 [main] INFO  o.s.b.a.e.web.EndpointLinksResolver – Exposing 23 endpoint(s) beneath base path '/actuator'
2025-08-04 09:02:53.759 [main] INFO  o.s.s.web.DefaultSecurityFilterChain – Will secure any request with [org.springframework.security.web.session.DisableEncodeUrlFilter@6c1d25fa, org.springframework.security.web.context.request.async.WebAsyncManagerIntegrationFilter@7510824, org.springframework.security.web.context.SecurityContextHolderFilter@7018636a, org.springframework.security.web.header.HeaderWriterFilter@49a0fe14, org.springframework.security.web.csrf.CsrfFilter@586a9fe1, org.springframework.security.web.authentication.logout.LogoutFilter@77eb0e47, org.springframework.security.oauth2.server.resource.web.authentication.BearerTokenAuthenticationFilter@4be6531a, org.springframework.security.web.savedrequest.RequestCacheAwareFilter@73624529, org.springframework.security.web.servletapi.SecurityContextHolderAwareRequestFilter@5d00241b, org.springframework.security.web.authentication.AnonymousAuthenticationFilter@7ed6e557, org.springframework.security.web.access.ExceptionTranslationFilter@6db64abf, org.springframework.security.web.access.intercept.AuthorizationFilter@10ecf244]
2025-08-04 09:02:54.468 [main] INFO  o.s.c.s.m.DirectWithAttributesChannel – Channel 'GestVuelos-ms-1.springCloudBusInput' has 1 subscriber(s).
2025-08-04 09:02:55.102 [main] INFO  o.s.c.n.e.c.DiscoveryClientOptionalArgsConfiguration – Eureka HTTP Client uses RestTemplate.
2025-08-04 09:02:55.171 [main] WARN  o.s.c.l.c.LoadBalancerCacheAutoConfiguration$LoadBalancerCaffeineWarnLogger – Spring Cloud LoadBalancer is currently working with the default cache. While this cache implementation is useful for development and tests, it's recommended to use Caffeine cache in production.You can switch to using Caffeine cache, by adding it and org.springframework.cache.caffeine.CaffeineCacheManager to the classpath.
2025-08-04 09:02:55.472 [main] INFO  o.s.i.m.IntegrationMBeanExporter – Registering MessageChannel errorChannel
2025-08-04 09:02:55.492 [main] INFO  o.s.i.m.IntegrationMBeanExporter – Registering MessageChannel springCloudBusInput
2025-08-04 09:02:55.506 [main] INFO  o.s.i.m.IntegrationMBeanExporter – Registering MessageChannel nullChannel
2025-08-04 09:02:55.520 [main] INFO  o.s.i.m.IntegrationMBeanExporter – Registering MessageHandler _org.springframework.integration.errorLogger
2025-08-04 09:02:55.591 [main] INFO  o.s.i.endpoint.EventDrivenConsumer – Adding {logging-channel-adapter:_org.springframework.integration.errorLogger} as a subscriber to the 'errorChannel' channel
2025-08-04 09:02:55.591 [main] INFO  o.s.i.c.PublishSubscribeChannel – Channel 'GestVuelos-ms-1.errorChannel' has 1 subscriber(s).
2025-08-04 09:02:55.593 [main] INFO  o.s.i.endpoint.EventDrivenConsumer – started bean '_org.springframework.integration.errorLogger'
2025-08-04 09:02:55.621 [main] INFO  o.a.coyote.http11.Http11NioProtocol – Starting ProtocolHandler ["http-nio-auto-1"]
2025-08-04 09:02:55.657 [main] INFO  o.s.b.w.e.tomcat.TomcatWebServer – Tomcat started on port 51471 (http) with context path ''
2025-08-04 09:02:55.660 [main] INFO  o.s.c.n.e.s.EurekaAutoServiceRegistration – Updating port to 51471
2025-08-04 09:02:55.674 [main] INFO  o.s.c.n.eureka.InstanceInfoFactory – Setting initial instance status as: STARTING
2025-08-04 09:02:55.759 [main] INFO  c.netflix.discovery.DiscoveryClient – Initializing Eureka in region us-east-1
2025-08-04 09:02:55.770 [main] INFO  c.n.d.s.r.aws.ConfigClusterResolver – Resolving eureka endpoints via configuration
2025-08-04 09:02:55.811 [main] INFO  c.netflix.discovery.DiscoveryClient – Disable delta property : false
2025-08-04 09:02:55.811 [main] INFO  c.netflix.discovery.DiscoveryClient – Single vip registry refresh property : null
2025-08-04 09:02:55.811 [main] INFO  c.netflix.discovery.DiscoveryClient – Force full registry fetch : false
2025-08-04 09:02:55.811 [main] INFO  c.netflix.discovery.DiscoveryClient – Application is null : false
2025-08-04 09:02:55.811 [main] INFO  c.netflix.discovery.DiscoveryClient – Registered Applications size is zero : true
2025-08-04 09:02:55.812 [main] INFO  c.netflix.discovery.DiscoveryClient – Application version is -1: true
2025-08-04 09:02:55.812 [main] INFO  c.netflix.discovery.DiscoveryClient – Getting all instance registry info from the eureka server
2025-08-04 09:02:55.948 [main] INFO  c.netflix.discovery.DiscoveryClient – The response status is 200
2025-08-04 09:02:55.953 [main] INFO  c.netflix.discovery.DiscoveryClient – Starting heartbeat executor: renew interval is: 30
2025-08-04 09:02:55.958 [main] INFO  c.n.discovery.InstanceInfoReplicator – InstanceInfoReplicator onDemand update allowed rate per min is 4
2025-08-04 09:02:55.968 [main] INFO  c.netflix.discovery.DiscoveryClient – Discovery Client initialized at timestamp 1754290975967 with initial instances count: 3
2025-08-04 09:02:55.972 [main] INFO  o.s.c.n.e.s.EurekaServiceRegistry – Registering application GESTVUELOS-MS with eureka with status UP
2025-08-04 09:02:55.972 [main] INFO  c.netflix.discovery.DiscoveryClient – Saw local status change event StatusChangeEvent [timestamp=1754290975972, current=UP, previous=STARTING]
2025-08-04 09:02:55.976 [DiscoveryClient-InstanceInfoReplicator-0] INFO  c.netflix.discovery.DiscoveryClient – DiscoveryClient_GESTVUELOS-MS/GestVuelos-ms:caa03cd8-b7e0-46e5-918d-e4e83d46e8a0: registering service...
2025-08-04 09:02:56.057 [DiscoveryClient-InstanceInfoReplicator-0] INFO  c.netflix.discovery.DiscoveryClient – DiscoveryClient_GESTVUELOS-MS/GestVuelos-ms:caa03cd8-b7e0-46e5-918d-e4e83d46e8a0 - registration status: 204
2025-08-04 09:02:56.595 [main] INFO  o.s.c.s.binder.DefaultBinderFactory – Creating binder: rabbit
2025-08-04 09:02:56.596 [main] INFO  o.s.c.s.binder.DefaultBinderFactory – Constructing binder child context for rabbit
2025-08-04 09:02:56.764 [main] INFO  o.s.c.s.binder.DefaultBinderFactory – Caching the binder: rabbit
2025-08-04 09:02:56.981 [main] INFO  o.s.c.s.b.r.p.RabbitExchangeQueueProvisioner – declaring queue for inbound: springCloudBus.anonymous.-Bxkp-RQT_mtOBLjMj2A-g, bound to: springCloudBus
2025-08-04 09:02:56.995 [main] INFO  o.s.a.r.c.CachingConnectionFactory – Attempting to connect to: [localhost:5672]
2025-08-04 09:02:57.887 [main] INFO  o.s.a.r.c.CachingConnectionFactory – Created new connection: rabbitConnectionFactory#7acbd3d0:0/SimpleConnection@7334dcbe [delegate=amqp://guest@127.0.0.1:5672/, localPort=51476]
2025-08-04 09:02:58.137 [main] INFO  o.s.c.s.binder.BinderErrorChannel – Channel 'rabbit-1369695156.springCloudBusInput.errors' has 1 subscriber(s).
2025-08-04 09:02:58.140 [main] INFO  o.s.c.s.binder.BinderErrorChannel – Channel 'rabbit-1369695156.springCloudBusInput.errors' has 2 subscriber(s).
2025-08-04 09:02:58.202 [main] INFO  o.s.i.a.i.AmqpInboundChannelAdapter – started bean 'inbound.springCloudBus.anonymous.-Bxkp-RQT_mtOBLjMj2A-g'
2025-08-04 09:02:58.268 [main] INFO  o.s.i.m.IntegrationMBeanExporter – Registering MessageChannel rabbit-1369695156.springCloudBusInput.errors
2025-08-04 09:02:58.337 [main] INFO  c.j.booking.GestVuelosMsApplication – Started GestVuelosMsApplication in 22.665 seconds (process running for 24.831)
2025-08-04 09:02:58.959 [RMI TCP Connection(10)-127.0.0.1] INFO  o.a.c.c.C.[Tomcat].[localhost].[/] – Initializing Spring DispatcherServlet 'dispatcherServlet'
2025-08-04 09:02:58.960 [RMI TCP Connection(10)-127.0.0.1] INFO  o.s.web.servlet.DispatcherServlet – Initializing Servlet 'dispatcherServlet'
2025-08-04 09:02:58.966 [RMI TCP Connection(10)-127.0.0.1] INFO  o.s.web.servlet.DispatcherServlet – Completed initialization in 6 ms
2025-08-04 09:04:00.704 [cluster-ClusterId{value='68905b19f0c5ac0dd501b882', description='null'}-localhost:27017] INFO  org.mongodb.driver.cluster – Exception in monitor thread while connecting to server localhost:27017
com.mongodb.MongoSocketReadTimeoutException: Timeout while receiving message
	at com.mongodb.internal.connection.InternalStreamConnection.translateReadException(InternalStreamConnection.java:728)
	at com.mongodb.internal.connection.InternalStreamConnection.receiveMessageWithAdditionalTimeout(InternalStreamConnection.java:606)
	at com.mongodb.internal.connection.InternalStreamConnection.receiveCommandMessageResponse(InternalStreamConnection.java:451)
	at com.mongodb.internal.connection.InternalStreamConnection.receive(InternalStreamConnection.java:404)
	at com.mongodb.internal.connection.DefaultServerMonitor$ServerMonitorRunnable.lookupServerDescription(DefaultServerMonitor.java:221)
	at com.mongodb.internal.connection.DefaultServerMonitor$ServerMonitorRunnable.run(DefaultServerMonitor.java:153)
	at java.base/java.lang.Thread.run(Thread.java:842)
Caused by: java.net.SocketTimeoutException: Read timed out
	at java.base/sun.nio.ch.NioSocketImpl.timedRead(NioSocketImpl.java:288)
	at java.base/sun.nio.ch.NioSocketImpl.implRead(NioSocketImpl.java:314)
	at java.base/sun.nio.ch.NioSocketImpl.read(NioSocketImpl.java:355)
	at java.base/sun.nio.ch.NioSocketImpl$1.read(NioSocketImpl.java:808)
	at java.base/java.net.Socket$SocketInputStream.read(Socket.java:966)
	at com.mongodb.internal.connection.SocketStream.read(SocketStream.java:175)
	at com.mongodb.internal.connection.SocketStream.read(SocketStream.java:200)
	at com.mongodb.internal.connection.InternalStreamConnection.receiveResponseBuffers(InternalStreamConnection.java:739)
	at com.mongodb.internal.connection.InternalStreamConnection.receiveMessageWithAdditionalTimeout(InternalStreamConnection.java:603)
	... 5 common frames omitted
2025-08-04 09:04:09.333 [cluster-ClusterId{value='68905b19f0c5ac0dd501b882', description='null'}-localhost:27017] INFO  org.mongodb.driver.cluster – Monitor thread successfully connected to server with description ServerDescription{address=localhost:27017, type=STANDALONE, state=CONNECTED, ok=true, minWireVersion=0, maxWireVersion=25, maxDocumentSize=16777216, logicalSessionTimeoutMinutes=30, roundTripTimeNanos=8575233800}
2025-08-04 09:07:55.841 [AsyncResolver-bootstrap-executor-0] INFO  c.n.d.s.r.aws.ConfigClusterResolver – Resolving eureka endpoints via configuration
2025-08-04 09:12:55.870 [AsyncResolver-bootstrap-executor-0] INFO  c.n.d.s.r.aws.ConfigClusterResolver – Resolving eureka endpoints via configuration
2025-08-04 09:17:55.888 [AsyncResolver-bootstrap-executor-0] INFO  c.n.d.s.r.aws.ConfigClusterResolver – Resolving eureka endpoints via configuration
2025-08-04 09:19:33.419 [cluster-ClusterId{value='68905b19f0c5ac0dd501b882', description='null'}-localhost:27017] INFO  org.mongodb.driver.cluster – Exception in monitor thread while connecting to server localhost:27017
com.mongodb.MongoSocketReadTimeoutException: Timeout while receiving message
	at com.mongodb.internal.connection.InternalStreamConnection.translateReadException(InternalStreamConnection.java:728)
	at com.mongodb.internal.connection.InternalStreamConnection.receiveMessageWithAdditionalTimeout(InternalStreamConnection.java:606)
	at com.mongodb.internal.connection.InternalStreamConnection.receiveCommandMessageResponse(InternalStreamConnection.java:451)
	at com.mongodb.internal.connection.InternalStreamConnection.receive(InternalStreamConnection.java:404)
	at com.mongodb.internal.connection.DefaultServerMonitor$ServerMonitorRunnable.lookupServerDescription(DefaultServerMonitor.java:221)
	at com.mongodb.internal.connection.DefaultServerMonitor$ServerMonitorRunnable.run(DefaultServerMonitor.java:153)
	at java.base/java.lang.Thread.run(Thread.java:842)
Caused by: java.net.SocketTimeoutException: Read timed out
	at java.base/sun.nio.ch.NioSocketImpl.timedRead(NioSocketImpl.java:288)
	at java.base/sun.nio.ch.NioSocketImpl.implRead(NioSocketImpl.java:314)
	at java.base/sun.nio.ch.NioSocketImpl.read(NioSocketImpl.java:355)
	at java.base/sun.nio.ch.NioSocketImpl$1.read(NioSocketImpl.java:808)
	at java.base/java.net.Socket$SocketInputStream.read(Socket.java:966)
	at com.mongodb.internal.connection.SocketStream.read(SocketStream.java:175)
	at com.mongodb.internal.connection.SocketStream.read(SocketStream.java:200)
	at com.mongodb.internal.connection.InternalStreamConnection.receiveResponseBuffers(InternalStreamConnection.java:739)
	at com.mongodb.internal.connection.InternalStreamConnection.receiveMessageWithAdditionalTimeout(InternalStreamConnection.java:603)
	... 5 common frames omitted
2025-08-04 09:19:34.566 [cluster-ClusterId{value='68905b19f0c5ac0dd501b882', description='null'}-localhost:27017] INFO  org.mongodb.driver.cluster – Monitor thread successfully connected to server with description ServerDescription{address=localhost:27017, type=STANDALONE, state=CONNECTED, ok=true, minWireVersion=0, maxWireVersion=25, maxDocumentSize=16777216, logicalSessionTimeoutMinutes=30, roundTripTimeNanos=1091047300}
2025-08-04 09:22:55.914 [AsyncResolver-bootstrap-executor-0] INFO  c.n.d.s.r.aws.ConfigClusterResolver – Resolving eureka endpoints via configuration
2025-08-04 09:23:06.511 [cluster-ClusterId{value='68905b19f0c5ac0dd501b882', description='null'}-localhost:27017] INFO  org.mongodb.driver.cluster – Exception in monitor thread while connecting to server localhost:27017
com.mongodb.MongoSocketReadTimeoutException: Timeout while receiving message
	at com.mongodb.internal.connection.InternalStreamConnection.translateReadException(InternalStreamConnection.java:728)
	at com.mongodb.internal.connection.InternalStreamConnection.receiveMessageWithAdditionalTimeout(InternalStreamConnection.java:606)
	at com.mongodb.internal.connection.InternalStreamConnection.receiveCommandMessageResponse(InternalStreamConnection.java:451)
	at com.mongodb.internal.connection.InternalStreamConnection.receive(InternalStreamConnection.java:404)
	at com.mongodb.internal.connection.DefaultServerMonitor$ServerMonitorRunnable.lookupServerDescription(DefaultServerMonitor.java:221)
	at com.mongodb.internal.connection.DefaultServerMonitor$ServerMonitorRunnable.run(DefaultServerMonitor.java:153)
	at java.base/java.lang.Thread.run(Thread.java:842)
Caused by: java.net.SocketTimeoutException: Read timed out
	at java.base/sun.nio.ch.NioSocketImpl.timedRead(NioSocketImpl.java:288)
	at java.base/sun.nio.ch.NioSocketImpl.implRead(NioSocketImpl.java:314)
	at java.base/sun.nio.ch.NioSocketImpl.read(NioSocketImpl.java:355)
	at java.base/sun.nio.ch.NioSocketImpl$1.read(NioSocketImpl.java:808)
	at java.base/java.net.Socket$SocketInputStream.read(Socket.java:966)
	at com.mongodb.internal.connection.SocketStream.read(SocketStream.java:175)
	at com.mongodb.internal.connection.SocketStream.read(SocketStream.java:200)
	at com.mongodb.internal.connection.InternalStreamConnection.receiveResponseBuffers(InternalStreamConnection.java:739)
	at com.mongodb.internal.connection.InternalStreamConnection.receiveMessageWithAdditionalTimeout(InternalStreamConnection.java:603)
	... 5 common frames omitted
2025-08-04 09:23:15.940 [cluster-ClusterId{value='68905b19f0c5ac0dd501b882', description='null'}-localhost:27017] INFO  org.mongodb.driver.cluster – Monitor thread successfully connected to server with description ServerDescription{address=localhost:27017, type=STANDALONE, state=CONNECTED, ok=true, minWireVersion=0, maxWireVersion=25, maxDocumentSize=16777216, logicalSessionTimeoutMinutes=30, roundTripTimeNanos=9422633500}
2025-08-04 09:25:07.254 [cluster-ClusterId{value='68905b19f0c5ac0dd501b882', description='null'}-localhost:27017] INFO  org.mongodb.driver.cluster – Exception in monitor thread while connecting to server localhost:27017
com.mongodb.MongoSocketReadTimeoutException: Timeout while receiving message
	at com.mongodb.internal.connection.InternalStreamConnection.translateReadException(InternalStreamConnection.java:728)
	at com.mongodb.internal.connection.InternalStreamConnection.receiveMessageWithAdditionalTimeout(InternalStreamConnection.java:606)
	at com.mongodb.internal.connection.InternalStreamConnection.receiveCommandMessageResponse(InternalStreamConnection.java:451)
	at com.mongodb.internal.connection.InternalStreamConnection.receive(InternalStreamConnection.java:404)
	at com.mongodb.internal.connection.DefaultServerMonitor$ServerMonitorRunnable.lookupServerDescription(DefaultServerMonitor.java:221)
	at com.mongodb.internal.connection.DefaultServerMonitor$ServerMonitorRunnable.run(DefaultServerMonitor.java:153)
	at java.base/java.lang.Thread.run(Thread.java:842)
Caused by: java.net.SocketTimeoutException: Read timed out
	at java.base/sun.nio.ch.NioSocketImpl.timedRead(NioSocketImpl.java:288)
	at java.base/sun.nio.ch.NioSocketImpl.implRead(NioSocketImpl.java:314)
	at java.base/sun.nio.ch.NioSocketImpl.read(NioSocketImpl.java:355)
	at java.base/sun.nio.ch.NioSocketImpl$1.read(NioSocketImpl.java:808)
	at java.base/java.net.Socket$SocketInputStream.read(Socket.java:966)
	at com.mongodb.internal.connection.SocketStream.read(SocketStream.java:175)
	at com.mongodb.internal.connection.SocketStream.read(SocketStream.java:200)
	at com.mongodb.internal.connection.InternalStreamConnection.receiveResponseBuffers(InternalStreamConnection.java:739)
	at com.mongodb.internal.connection.InternalStreamConnection.receiveMessageWithAdditionalTimeout(InternalStreamConnection.java:603)
	... 5 common frames omitted
2025-08-04 09:25:14.672 [cluster-ClusterId{value='68905b19f0c5ac0dd501b882', description='null'}-localhost:27017] INFO  org.mongodb.driver.cluster – Monitor thread successfully connected to server with description ServerDescription{address=localhost:27017, type=STANDALONE, state=CONNECTED, ok=true, minWireVersion=0, maxWireVersion=25, maxDocumentSize=16777216, logicalSessionTimeoutMinutes=30, roundTripTimeNanos=7407337900}
2025-08-04 09:27:55.938 [AsyncResolver-bootstrap-executor-0] INFO  c.n.d.s.r.aws.ConfigClusterResolver – Resolving eureka endpoints via configuration
2025-08-04 09:32:55.974 [AsyncResolver-bootstrap-executor-0] INFO  c.n.d.s.r.aws.ConfigClusterResolver – Resolving eureka endpoints via configuration
2025-08-04 09:37:56.010 [AsyncResolver-bootstrap-executor-0] INFO  c.n.d.s.r.aws.ConfigClusterResolver – Resolving eureka endpoints via configuration
2025-08-04 09:42:56.021 [AsyncResolver-bootstrap-executor-0] INFO  c.n.d.s.r.aws.ConfigClusterResolver – Resolving eureka endpoints via configuration
2025-08-04 09:47:20.101 [cluster-ClusterId{value='68905b19f0c5ac0dd501b882', description='null'}-localhost:27017] INFO  org.mongodb.driver.cluster – Exception in monitor thread while connecting to server localhost:27017
com.mongodb.MongoSocketReadTimeoutException: Timeout while receiving message
	at com.mongodb.internal.connection.InternalStreamConnection.translateReadException(InternalStreamConnection.java:728)
	at com.mongodb.internal.connection.InternalStreamConnection.receiveMessageWithAdditionalTimeout(InternalStreamConnection.java:606)
	at com.mongodb.internal.connection.InternalStreamConnection.receiveCommandMessageResponse(InternalStreamConnection.java:451)
	at com.mongodb.internal.connection.InternalStreamConnection.receive(InternalStreamConnection.java:404)
	at com.mongodb.internal.connection.DefaultServerMonitor$ServerMonitorRunnable.lookupServerDescription(DefaultServerMonitor.java:221)
	at com.mongodb.internal.connection.DefaultServerMonitor$ServerMonitorRunnable.run(DefaultServerMonitor.java:153)
	at java.base/java.lang.Thread.run(Thread.java:842)
Caused by: java.net.SocketTimeoutException: Read timed out
	at java.base/sun.nio.ch.NioSocketImpl.timedRead(NioSocketImpl.java:288)
	at java.base/sun.nio.ch.NioSocketImpl.implRead(NioSocketImpl.java:314)
	at java.base/sun.nio.ch.NioSocketImpl.read(NioSocketImpl.java:355)
	at java.base/sun.nio.ch.NioSocketImpl$1.read(NioSocketImpl.java:808)
	at java.base/java.net.Socket$SocketInputStream.read(Socket.java:966)
	at com.mongodb.internal.connection.SocketStream.read(SocketStream.java:175)
	at com.mongodb.internal.connection.SocketStream.read(SocketStream.java:200)
	at com.mongodb.internal.connection.InternalStreamConnection.receiveResponseBuffers(InternalStreamConnection.java:739)
	at com.mongodb.internal.connection.InternalStreamConnection.receiveMessageWithAdditionalTimeout(InternalStreamConnection.java:603)
	... 5 common frames omitted
2025-08-04 09:47:51.055 [cluster-ClusterId{value='68905b19f0c5ac0dd501b882', description='null'}-localhost:27017] INFO  org.mongodb.driver.cluster – Monitor thread successfully connected to server with description ServerDescription{address=localhost:27017, type=STANDALONE, state=CONNECTED, ok=true, minWireVersion=0, maxWireVersion=25, maxDocumentSize=16777216, logicalSessionTimeoutMinutes=30, roundTripTimeNanos=6978128000}
2025-08-04 09:47:56.043 [AsyncResolver-bootstrap-executor-0] INFO  c.n.d.s.r.aws.ConfigClusterResolver – Resolving eureka endpoints via configuration
2025-08-04 09:52:34.543 [cluster-ClusterId{value='68905b19f0c5ac0dd501b882', description='null'}-localhost:27017] INFO  org.mongodb.driver.cluster – Exception in monitor thread while connecting to server localhost:27017
com.mongodb.MongoSocketReadTimeoutException: Timeout while receiving message
	at com.mongodb.internal.connection.InternalStreamConnection.translateReadException(InternalStreamConnection.java:728)
	at com.mongodb.internal.connection.InternalStreamConnection.receiveMessageWithAdditionalTimeout(InternalStreamConnection.java:606)
	at com.mongodb.internal.connection.InternalStreamConnection.receiveCommandMessageResponse(InternalStreamConnection.java:451)
	at com.mongodb.internal.connection.InternalStreamConnection.receive(InternalStreamConnection.java:404)
	at com.mongodb.internal.connection.DefaultServerMonitor$ServerMonitorRunnable.lookupServerDescription(DefaultServerMonitor.java:221)
	at com.mongodb.internal.connection.DefaultServerMonitor$ServerMonitorRunnable.run(DefaultServerMonitor.java:153)
	at java.base/java.lang.Thread.run(Thread.java:842)
Caused by: java.net.SocketTimeoutException: Read timed out
	at java.base/sun.nio.ch.NioSocketImpl.timedRead(NioSocketImpl.java:288)
	at java.base/sun.nio.ch.NioSocketImpl.implRead(NioSocketImpl.java:314)
	at java.base/sun.nio.ch.NioSocketImpl.read(NioSocketImpl.java:355)
	at java.base/sun.nio.ch.NioSocketImpl$1.read(NioSocketImpl.java:808)
	at java.base/java.net.Socket$SocketInputStream.read(Socket.java:966)
	at com.mongodb.internal.connection.SocketStream.read(SocketStream.java:175)
	at com.mongodb.internal.connection.SocketStream.read(SocketStream.java:200)
	at com.mongodb.internal.connection.InternalStreamConnection.receiveResponseBuffers(InternalStreamConnection.java:739)
	at com.mongodb.internal.connection.InternalStreamConnection.receiveMessageWithAdditionalTimeout(InternalStreamConnection.java:603)
	... 5 common frames omitted
2025-08-04 09:52:37.245 [cluster-ClusterId{value='68905b19f0c5ac0dd501b882', description='null'}-localhost:27017] INFO  org.mongodb.driver.cluster – Monitor thread successfully connected to server with description ServerDescription{address=localhost:27017, type=STANDALONE, state=CONNECTED, ok=true, minWireVersion=0, maxWireVersion=25, maxDocumentSize=16777216, logicalSessionTimeoutMinutes=30, roundTripTimeNanos=2692021301}
2025-08-04 09:52:56.058 [AsyncResolver-bootstrap-executor-0] INFO  c.n.d.s.r.aws.ConfigClusterResolver – Resolving eureka endpoints via configuration
